cwd /home/ljl/work/sui/dapp/coin-publish/web
---------------response-------------- {
  digest: 'HVWdjJr5xsAyoPSaqsisaqtyUPvEdikGRideJXksppqR',
  timestampMs: '1742276747750',
  checkpoint: '174477483'
}
digest: HVWdjJr5xsAyoPSaqsisaqtyUPvEdikGRideJXksppqR
-------object changes--------------
cost -0.01491028
publish result: {
  isSucc: true,
  publish_digest: 'HVWdjJr5xsAyoPSaqsisaqtyUPvEdikGRideJXksppqR',
  coin_type: '袁大头',
  sui_cost: '14910280',
  created_event: {
    meta_name: '袁大头',
    minter: '0xf7ec2215e565b7a18d7b00e70fccda74b30c3ecceffb5857b1b3d2249e28e94f',
    treasury_address: 'ac14940b91b06b374251e471d7154f1d77e1f5d373a2d361bc83106b36b8c049',
    type_name: '8976378efb27904d862cdcbce2a74b2b81519f243f73135cc43534ddd99c26b3::ydt::YDT',
    vault_address: '0xb2c07331035480d5beac58fa701adcc04112e5f23a031bc430c0a74688b27deb'
  },
  event_type: '0x12b1b0b0431d8bf7c46134f6c1a5efeee98a5240669819e10eaaffb19351384f::coin_manager::CoinCreatedEvent'
}
